// Jest Snapshot v1, https://goo.gl/fbAQLP

exports[`should install the expected packages 1`] = `
Object {
  "/package.json": "{
  \\"name\\": \\"unicorn\\",
  \\"scripts\\": {
    \\"test\\": \\"jest\\"
  }
}",
}
`;
